MSBuild version 17.3.4+a400405ba for .NET
  Determining projects to restore...
  All projects are up-to-date for restore.
D:\Do AnLTWNC_WebCoffe\Ecommerce-Coffee-Shop\Controllers\CartController.cs(16,22): error CS0246: The type or namespace name 'IVnPayService' could not be found (are you missing a using directive or an assembly reference?) [D:\Do AnLTWNC_WebCoffe\Ecommerce-Coffee-Shop\SaleStore.csproj]
D:\Do AnLTWNC_WebCoffe\Ecommerce-Coffee-Shop\Controllers\CartController.cs(17,22): error CS0246: The type or namespace name 'IMoMoService' could not be found (are you missing a using directive or an assembly reference?) [D:\Do AnLTWNC_WebCoffe\Ecommerce-Coffee-Shop\SaleStore.csproj]
D:\Do AnLTWNC_WebCoffe\Ecommerce-Coffee-Shop\Controllers\CartController.cs(19,57): error CS0246: The type or namespace name 'IVnPayService' could not be found (are you missing a using directive or an assembly reference?) [D:\Do AnLTWNC_WebCoffe\Ecommerce-Coffee-Shop\SaleStore.csproj]
D:\Do AnLTWNC_WebCoffe\Ecommerce-Coffee-Shop\Controllers\CartController.cs(19,85): error CS0246: The type or namespace name 'IMoMoService' could not be found (are you missing a using directive or an assembly reference?) [D:\Do AnLTWNC_WebCoffe\Ecommerce-Coffee-Shop\SaleStore.csproj]

Build FAILED.

D:\Do AnLTWNC_WebCoffe\Ecommerce-Coffee-Shop\Controllers\CartController.cs(16,22): error CS0246: The type or namespace name 'IVnPayService' could not be found (are you missing a using directive or an assembly reference?) [D:\Do AnLTWNC_WebCoffe\Ecommerce-Coffee-Shop\SaleStore.csproj]
D:\Do AnLTWNC_WebCoffe\Ecommerce-Coffee-Shop\Controllers\CartController.cs(17,22): error CS0246: The type or namespace name 'IMoMoService' could not be found (are you missing a using directive or an assembly reference?) [D:\Do AnLTWNC_WebCoffe\Ecommerce-Coffee-Shop\SaleStore.csproj]
D:\Do AnLTWNC_WebCoffe\Ecommerce-Coffee-Shop\Controllers\CartController.cs(19,57): error CS0246: The type or namespace name 'IVnPayService' could not be found (are you missing a using directive or an assembly reference?) [D:\Do AnLTWNC_WebCoffe\Ecommerce-Coffee-Shop\SaleStore.csproj]
D:\Do AnLTWNC_WebCoffe\Ecommerce-Coffee-Shop\Controllers\CartController.cs(19,85): error CS0246: The type or namespace name 'IMoMoService' could not be found (are you missing a using directive or an assembly reference?) [D:\Do AnLTWNC_WebCoffe\Ecommerce-Coffee-Shop\SaleStore.csproj]
    0 Warning(s)
    4 Error(s)

Time Elapsed 00:00:01.35
