MSBuild version 17.3.4+a400405ba for .NET
  Determining projects to restore...
  All projects are up-to-date for restore.
C:\Program Files\dotnet\sdk\6.0.428\Microsoft.Common.CurrentVersion.targets(5097,5): warning MSB3026: Could not copy "D:\Do AnLTWNC_WebCoffe\Ecommerce-Coffee-Shop\obj\Debug\net6.0\apphost.exe" to "bin\Debug\net6.0\SaleStore.exe". Beginning retry 1 in 1000ms. The process cannot access the file 'D:\Do AnLTWNC_WebCoffe\Ecommerce-Coffee-Shop\bin\Debug\net6.0\SaleStore.exe' because it is being used by another process. The file is locked by: "SaleStore (14872)" [D:\Do AnLTWNC_WebCoffe\Ecommerce-Coffee-Shop\SaleStore.csproj]
C:\Program Files\dotnet\sdk\6.0.428\Microsoft.Common.CurrentVersion.targets(5097,5): warning MSB3026: Could not copy "D:\Do AnLTWNC_WebCoffe\Ecommerce-Coffee-Shop\obj\Debug\net6.0\apphost.exe" to "bin\Debug\net6.0\SaleStore.exe". Beginning retry 2 in 1000ms. The process cannot access the file 'D:\Do AnLTWNC_WebCoffe\Ecommerce-Coffee-Shop\bin\Debug\net6.0\SaleStore.exe' because it is being used by another process. The file is locked by: "SaleStore (14872)" [D:\Do AnLTWNC_WebCoffe\Ecommerce-Coffee-Shop\SaleStore.csproj]
C:\Program Files\dotnet\sdk\6.0.428\Microsoft.Common.CurrentVersion.targets(5097,5): warning MSB3026: Could not copy "D:\Do AnLTWNC_WebCoffe\Ecommerce-Coffee-Shop\obj\Debug\net6.0\apphost.exe" to "bin\Debug\net6.0\SaleStore.exe". Beginning retry 3 in 1000ms. The process cannot access the file 'D:\Do AnLTWNC_WebCoffe\Ecommerce-Coffee-Shop\bin\Debug\net6.0\SaleStore.exe' because it is being used by another process. The file is locked by: "SaleStore (14872)" [D:\Do AnLTWNC_WebCoffe\Ecommerce-Coffee-Shop\SaleStore.csproj]
C:\Program Files\dotnet\sdk\6.0.428\Microsoft.Common.CurrentVersion.targets(5097,5): warning MSB3026: Could not copy "D:\Do AnLTWNC_WebCoffe\Ecommerce-Coffee-Shop\obj\Debug\net6.0\apphost.exe" to "bin\Debug\net6.0\SaleStore.exe". Beginning retry 4 in 1000ms. The process cannot access the file 'D:\Do AnLTWNC_WebCoffe\Ecommerce-Coffee-Shop\bin\Debug\net6.0\SaleStore.exe' because it is being used by another process. The file is locked by: "SaleStore (14872)" [D:\Do AnLTWNC_WebCoffe\Ecommerce-Coffee-Shop\SaleStore.csproj]
C:\Program Files\dotnet\sdk\6.0.428\Microsoft.Common.CurrentVersion.targets(5097,5): warning MSB3026: Could not copy "D:\Do AnLTWNC_WebCoffe\Ecommerce-Coffee-Shop\obj\Debug\net6.0\apphost.exe" to "bin\Debug\net6.0\SaleStore.exe". Beginning retry 5 in 1000ms. The process cannot access the file 'D:\Do AnLTWNC_WebCoffe\Ecommerce-Coffee-Shop\bin\Debug\net6.0\SaleStore.exe' because it is being used by another process. The file is locked by: "SaleStore (14872)" [D:\Do AnLTWNC_WebCoffe\Ecommerce-Coffee-Shop\SaleStore.csproj]
C:\Program Files\dotnet\sdk\6.0.428\Microsoft.Common.CurrentVersion.targets(5097,5): warning MSB3026: Could not copy "D:\Do AnLTWNC_WebCoffe\Ecommerce-Coffee-Shop\obj\Debug\net6.0\apphost.exe" to "bin\Debug\net6.0\SaleStore.exe". Beginning retry 6 in 1000ms. The process cannot access the file 'D:\Do AnLTWNC_WebCoffe\Ecommerce-Coffee-Shop\bin\Debug\net6.0\SaleStore.exe' because it is being used by another process. The file is locked by: "SaleStore (14872)" [D:\Do AnLTWNC_WebCoffe\Ecommerce-Coffee-Shop\SaleStore.csproj]
C:\Program Files\dotnet\sdk\6.0.428\Microsoft.Common.CurrentVersion.targets(5097,5): warning MSB3026: Could not copy "D:\Do AnLTWNC_WebCoffe\Ecommerce-Coffee-Shop\obj\Debug\net6.0\apphost.exe" to "bin\Debug\net6.0\SaleStore.exe". Beginning retry 7 in 1000ms. The process cannot access the file 'D:\Do AnLTWNC_WebCoffe\Ecommerce-Coffee-Shop\bin\Debug\net6.0\SaleStore.exe' because it is being used by another process. The file is locked by: "SaleStore (14872)" [D:\Do AnLTWNC_WebCoffe\Ecommerce-Coffee-Shop\SaleStore.csproj]
C:\Program Files\dotnet\sdk\6.0.428\Microsoft.Common.CurrentVersion.targets(5097,5): warning MSB3026: Could not copy "D:\Do AnLTWNC_WebCoffe\Ecommerce-Coffee-Shop\obj\Debug\net6.0\apphost.exe" to "bin\Debug\net6.0\SaleStore.exe". Beginning retry 8 in 1000ms. The process cannot access the file 'D:\Do AnLTWNC_WebCoffe\Ecommerce-Coffee-Shop\bin\Debug\net6.0\SaleStore.exe' because it is being used by another process. The file is locked by: "SaleStore (14872)" [D:\Do AnLTWNC_WebCoffe\Ecommerce-Coffee-Shop\SaleStore.csproj]
C:\Program Files\dotnet\sdk\6.0.428\Microsoft.Common.CurrentVersion.targets(5097,5): warning MSB3026: Could not copy "D:\Do AnLTWNC_WebCoffe\Ecommerce-Coffee-Shop\obj\Debug\net6.0\apphost.exe" to "bin\Debug\net6.0\SaleStore.exe". Beginning retry 9 in 1000ms. The process cannot access the file 'D:\Do AnLTWNC_WebCoffe\Ecommerce-Coffee-Shop\bin\Debug\net6.0\SaleStore.exe' because it is being used by another process. The file is locked by: "SaleStore (14872)" [D:\Do AnLTWNC_WebCoffe\Ecommerce-Coffee-Shop\SaleStore.csproj]
C:\Program Files\dotnet\sdk\6.0.428\Microsoft.Common.CurrentVersion.targets(5097,5): warning MSB3026: Could not copy "D:\Do AnLTWNC_WebCoffe\Ecommerce-Coffee-Shop\obj\Debug\net6.0\apphost.exe" to "bin\Debug\net6.0\SaleStore.exe". Beginning retry 10 in 1000ms. The process cannot access the file 'D:\Do AnLTWNC_WebCoffe\Ecommerce-Coffee-Shop\bin\Debug\net6.0\SaleStore.exe' because it is being used by another process. The file is locked by: "SaleStore (14872)" [D:\Do AnLTWNC_WebCoffe\Ecommerce-Coffee-Shop\SaleStore.csproj]
C:\Program Files\dotnet\sdk\6.0.428\Microsoft.Common.CurrentVersion.targets(5097,5): error MSB3027: Could not copy "D:\Do AnLTWNC_WebCoffe\Ecommerce-Coffee-Shop\obj\Debug\net6.0\apphost.exe" to "bin\Debug\net6.0\SaleStore.exe". Exceeded retry count of 10. Failed. The file is locked by: "SaleStore (14872)" [D:\Do AnLTWNC_WebCoffe\Ecommerce-Coffee-Shop\SaleStore.csproj]
C:\Program Files\dotnet\sdk\6.0.428\Microsoft.Common.CurrentVersion.targets(5097,5): error MSB3021: Unable to copy file "D:\Do AnLTWNC_WebCoffe\Ecommerce-Coffee-Shop\obj\Debug\net6.0\apphost.exe" to "bin\Debug\net6.0\SaleStore.exe". The process cannot access the file 'D:\Do AnLTWNC_WebCoffe\Ecommerce-Coffee-Shop\bin\Debug\net6.0\SaleStore.exe' because it is being used by another process. [D:\Do AnLTWNC_WebCoffe\Ecommerce-Coffee-Shop\SaleStore.csproj]

Build FAILED.

C:\Program Files\dotnet\sdk\6.0.428\Microsoft.Common.CurrentVersion.targets(5097,5): warning MSB3026: Could not copy "D:\Do AnLTWNC_WebCoffe\Ecommerce-Coffee-Shop\obj\Debug\net6.0\apphost.exe" to "bin\Debug\net6.0\SaleStore.exe". Beginning retry 1 in 1000ms. The process cannot access the file 'D:\Do AnLTWNC_WebCoffe\Ecommerce-Coffee-Shop\bin\Debug\net6.0\SaleStore.exe' because it is being used by another process. The file is locked by: "SaleStore (14872)" [D:\Do AnLTWNC_WebCoffe\Ecommerce-Coffee-Shop\SaleStore.csproj]
C:\Program Files\dotnet\sdk\6.0.428\Microsoft.Common.CurrentVersion.targets(5097,5): warning MSB3026: Could not copy "D:\Do AnLTWNC_WebCoffe\Ecommerce-Coffee-Shop\obj\Debug\net6.0\apphost.exe" to "bin\Debug\net6.0\SaleStore.exe". Beginning retry 2 in 1000ms. The process cannot access the file 'D:\Do AnLTWNC_WebCoffe\Ecommerce-Coffee-Shop\bin\Debug\net6.0\SaleStore.exe' because it is being used by another process. The file is locked by: "SaleStore (14872)" [D:\Do AnLTWNC_WebCoffe\Ecommerce-Coffee-Shop\SaleStore.csproj]
C:\Program Files\dotnet\sdk\6.0.428\Microsoft.Common.CurrentVersion.targets(5097,5): warning MSB3026: Could not copy "D:\Do AnLTWNC_WebCoffe\Ecommerce-Coffee-Shop\obj\Debug\net6.0\apphost.exe" to "bin\Debug\net6.0\SaleStore.exe". Beginning retry 3 in 1000ms. The process cannot access the file 'D:\Do AnLTWNC_WebCoffe\Ecommerce-Coffee-Shop\bin\Debug\net6.0\SaleStore.exe' because it is being used by another process. The file is locked by: "SaleStore (14872)" [D:\Do AnLTWNC_WebCoffe\Ecommerce-Coffee-Shop\SaleStore.csproj]
C:\Program Files\dotnet\sdk\6.0.428\Microsoft.Common.CurrentVersion.targets(5097,5): warning MSB3026: Could not copy "D:\Do AnLTWNC_WebCoffe\Ecommerce-Coffee-Shop\obj\Debug\net6.0\apphost.exe" to "bin\Debug\net6.0\SaleStore.exe". Beginning retry 4 in 1000ms. The process cannot access the file 'D:\Do AnLTWNC_WebCoffe\Ecommerce-Coffee-Shop\bin\Debug\net6.0\SaleStore.exe' because it is being used by another process. The file is locked by: "SaleStore (14872)" [D:\Do AnLTWNC_WebCoffe\Ecommerce-Coffee-Shop\SaleStore.csproj]
C:\Program Files\dotnet\sdk\6.0.428\Microsoft.Common.CurrentVersion.targets(5097,5): warning MSB3026: Could not copy "D:\Do AnLTWNC_WebCoffe\Ecommerce-Coffee-Shop\obj\Debug\net6.0\apphost.exe" to "bin\Debug\net6.0\SaleStore.exe". Beginning retry 5 in 1000ms. The process cannot access the file 'D:\Do AnLTWNC_WebCoffe\Ecommerce-Coffee-Shop\bin\Debug\net6.0\SaleStore.exe' because it is being used by another process. The file is locked by: "SaleStore (14872)" [D:\Do AnLTWNC_WebCoffe\Ecommerce-Coffee-Shop\SaleStore.csproj]
C:\Program Files\dotnet\sdk\6.0.428\Microsoft.Common.CurrentVersion.targets(5097,5): warning MSB3026: Could not copy "D:\Do AnLTWNC_WebCoffe\Ecommerce-Coffee-Shop\obj\Debug\net6.0\apphost.exe" to "bin\Debug\net6.0\SaleStore.exe". Beginning retry 6 in 1000ms. The process cannot access the file 'D:\Do AnLTWNC_WebCoffe\Ecommerce-Coffee-Shop\bin\Debug\net6.0\SaleStore.exe' because it is being used by another process. The file is locked by: "SaleStore (14872)" [D:\Do AnLTWNC_WebCoffe\Ecommerce-Coffee-Shop\SaleStore.csproj]
C:\Program Files\dotnet\sdk\6.0.428\Microsoft.Common.CurrentVersion.targets(5097,5): warning MSB3026: Could not copy "D:\Do AnLTWNC_WebCoffe\Ecommerce-Coffee-Shop\obj\Debug\net6.0\apphost.exe" to "bin\Debug\net6.0\SaleStore.exe". Beginning retry 7 in 1000ms. The process cannot access the file 'D:\Do AnLTWNC_WebCoffe\Ecommerce-Coffee-Shop\bin\Debug\net6.0\SaleStore.exe' because it is being used by another process. The file is locked by: "SaleStore (14872)" [D:\Do AnLTWNC_WebCoffe\Ecommerce-Coffee-Shop\SaleStore.csproj]
C:\Program Files\dotnet\sdk\6.0.428\Microsoft.Common.CurrentVersion.targets(5097,5): warning MSB3026: Could not copy "D:\Do AnLTWNC_WebCoffe\Ecommerce-Coffee-Shop\obj\Debug\net6.0\apphost.exe" to "bin\Debug\net6.0\SaleStore.exe". Beginning retry 8 in 1000ms. The process cannot access the file 'D:\Do AnLTWNC_WebCoffe\Ecommerce-Coffee-Shop\bin\Debug\net6.0\SaleStore.exe' because it is being used by another process. The file is locked by: "SaleStore (14872)" [D:\Do AnLTWNC_WebCoffe\Ecommerce-Coffee-Shop\SaleStore.csproj]
C:\Program Files\dotnet\sdk\6.0.428\Microsoft.Common.CurrentVersion.targets(5097,5): warning MSB3026: Could not copy "D:\Do AnLTWNC_WebCoffe\Ecommerce-Coffee-Shop\obj\Debug\net6.0\apphost.exe" to "bin\Debug\net6.0\SaleStore.exe". Beginning retry 9 in 1000ms. The process cannot access the file 'D:\Do AnLTWNC_WebCoffe\Ecommerce-Coffee-Shop\bin\Debug\net6.0\SaleStore.exe' because it is being used by another process. The file is locked by: "SaleStore (14872)" [D:\Do AnLTWNC_WebCoffe\Ecommerce-Coffee-Shop\SaleStore.csproj]
C:\Program Files\dotnet\sdk\6.0.428\Microsoft.Common.CurrentVersion.targets(5097,5): warning MSB3026: Could not copy "D:\Do AnLTWNC_WebCoffe\Ecommerce-Coffee-Shop\obj\Debug\net6.0\apphost.exe" to "bin\Debug\net6.0\SaleStore.exe". Beginning retry 10 in 1000ms. The process cannot access the file 'D:\Do AnLTWNC_WebCoffe\Ecommerce-Coffee-Shop\bin\Debug\net6.0\SaleStore.exe' because it is being used by another process. The file is locked by: "SaleStore (14872)" [D:\Do AnLTWNC_WebCoffe\Ecommerce-Coffee-Shop\SaleStore.csproj]
C:\Program Files\dotnet\sdk\6.0.428\Microsoft.Common.CurrentVersion.targets(5097,5): error MSB3027: Could not copy "D:\Do AnLTWNC_WebCoffe\Ecommerce-Coffee-Shop\obj\Debug\net6.0\apphost.exe" to "bin\Debug\net6.0\SaleStore.exe". Exceeded retry count of 10. Failed. The file is locked by: "SaleStore (14872)" [D:\Do AnLTWNC_WebCoffe\Ecommerce-Coffee-Shop\SaleStore.csproj]
C:\Program Files\dotnet\sdk\6.0.428\Microsoft.Common.CurrentVersion.targets(5097,5): error MSB3021: Unable to copy file "D:\Do AnLTWNC_WebCoffe\Ecommerce-Coffee-Shop\obj\Debug\net6.0\apphost.exe" to "bin\Debug\net6.0\SaleStore.exe". The process cannot access the file 'D:\Do AnLTWNC_WebCoffe\Ecommerce-Coffee-Shop\bin\Debug\net6.0\SaleStore.exe' because it is being used by another process. [D:\Do AnLTWNC_WebCoffe\Ecommerce-Coffee-Shop\SaleStore.csproj]
    10 Warning(s)
    2 Error(s)

Time Elapsed 00:00:12.29
